L 04/12/2026 - 21:14:25: Log file started (file "logs\L0412057.log") (game "d:\steamlibrary\steamapps\common\synergy\synergy") (version "4300")
L 04/12/2026 - 21:14:25: Connection to Steam servers successful.
L 04/12/2026 - 21:14:25:    Public IP is 184.161.210.129.
L 04/12/2026 - 21:14:25: Assigned anonymous gameserver Steam ID [A:1:922618904:49431].
L 04/12/2026 - 21:14:25: VAC secure mode disabled.
L 04/12/2026 - 21:18:41: "diablokenny307<2><[U:1:53070479]><>" connected, address "76561198013336207"
L 04/12/2026 - 21:18:42: "diablokenny307<2><[U:1:53070479]><>" STEAM USERID validated
L 04/12/2026 - 21:18:46: "diablokenny307<2><[U:1:53070479]><>" entered the game
L 04/12/2026 - 21:21:09: STEAMAUTH: Client diablokenny307 received failure code 6
L 04/12/2026 - 21:21:09: "diablokenny307<2><[U:1:53070479]><Unassigned>" disconnected (reason "Client left game (Steam auth ticket has been canceled)
")
L 04/12/2026 - 21:22:11: "diablokenny307<3><[U:1:53070479]><>" connected, address "76561198013336207"
L 04/12/2026 - 21:22:12: "diablokenny307<3><[U:1:53070479]><>" STEAM USERID validated
L 04/12/2026 - 21:22:13: "diablokenny307<3><[U:1:53070479]><>" entered the game
L 04/12/2026 - 21:22:17: server_cvar: "sv_cheats" "1"
L 04/12/2026 - 21:23:35: "BACONTROLL<4><[U:1:48263075]><>" connected, address "10.0.0.170:27006"
L 04/12/2026 - 21:23:36: "BACONTROLL<4><[U:1:48263075]><>" STEAM USERID validated
L 04/12/2026 - 21:23:47: "BACONTROLL<4><[U:1:48263075]><>" entered the game
L 04/12/2026 - 21:25:30: "diablokenny307<3><[U:1:53070479]><Unassigned>" disconnected (reason "Disconnect by user.")
L 04/12/2026 - 21:26:21: "CyberDetroit<5><[U:1:351246497]><>" connected, address "76561198311512225"
L 04/12/2026 - 21:26:23: "CyberDetroit<5><[U:1:351246497]><>" STEAM USERID validated
L 04/12/2026 - 21:26:25: "CyberDetroit<5><[U:1:351246497]><>" entered the game
L 04/12/2026 - 21:26:52: rcon from "10.0.0.170:62431": command "yolo"
L 04/12/2026 - 21:27:08: rcon from "10.0.0.170:62431": command "sv_cheats 1"
L 04/12/2026 - 21:27:25: rcon from "10.0.0.170:62431": command "changelevel sp_precasino"
L 04/12/2026 - 21:27:25: server_cvar: "mp_spawntime" "60"
L 04/12/2026 - 21:27:25: Log file closed.
