L 04/12/2026 - 19:09:34: Log file started (file "logs\L0412040.log") (game "d:\steamlibrary\steamapps\common\synergy\synergy") (version "4300")
L 04/12/2026 - 19:09:34: Loading map "sp_streetwar"
L 04/12/2026 - 19:09:34: server cvars start
L 04/12/2026 - 19:09:34: "sv_glow_enable" = "1"
L 04/12/2026 - 19:09:34: "mp_falldamage" = "1"
L 04/12/2026 - 19:09:34: "mp_weaponstay" = "0"
L 04/12/2026 - 19:09:34: "mp_forcerespawn" = "1"
L 04/12/2026 - 19:09:34: "mp_footsteps" = "1"
L 04/12/2026 - 19:09:34: "mp_flashlight" = "1"
L 04/12/2026 - 19:09:34: "mp_autocrosshair" = "1"
L 04/12/2026 - 19:09:34: "decalfrequency" = "10"
L 04/12/2026 - 19:09:34: "mp_teamlist" = "hgrunt;scientist"
L 04/12/2026 - 19:09:34: "mp_allowNPCs" = "1"
L 04/12/2026 - 19:09:34: "mp_spawntime" = "60"
L 04/12/2026 - 19:09:34: "mp_idletime" = "60"
L 04/12/2026 - 19:09:34: "mp_idlekick" = "0"
L 04/12/2026 - 19:09:34: "mp_friendlyfire" = "1"
L 04/12/2026 - 19:09:34: "mp_fadetoblack" = "0"
L 04/12/2026 - 19:09:34: "sv_gravity" = "600"
L 04/12/2026 - 19:09:34: "sv_stopspeed" = "100"
L 04/12/2026 - 19:09:34: "sv_noclipaccelerate" = "5"
L 04/12/2026 - 19:09:34: "sv_noclipspeed" = "5"
L 04/12/2026 - 19:09:34: "sv_specaccelerate" = "5"
L 04/12/2026 - 19:09:34: "sv_specspeed" = "3"
L 04/12/2026 - 19:09:34: "sv_specnoclip" = "1"
L 04/12/2026 - 19:09:34: "sv_maxspeed" = "320"
L 04/12/2026 - 19:09:34: "sv_accelerate" = "10"
L 04/12/2026 - 19:09:34: "sv_airaccelerate" = "10"
L 04/12/2026 - 19:09:34: "sv_wateraccelerate" = "10"
L 04/12/2026 - 19:09:34: "sv_waterfriction" = "1"
L 04/12/2026 - 19:09:34: "sv_footsteps" = "1"
L 04/12/2026 - 19:09:34: "sv_friction" = "4"
L 04/12/2026 - 19:09:34: "sv_bounce" = "0"
L 04/12/2026 - 19:09:34: "sv_stepsize" = "18"
L 04/12/2026 - 19:09:34: "r_VehicleViewDampen" = "1"
L 04/12/2026 - 19:09:34: "r_JeepViewDampenFreq" = "7.0"
L 04/12/2026 - 19:09:34: "r_JeepViewDampenDamp" = "1.0"
L 04/12/2026 - 19:09:34: "r_JeepViewZHeight" = "10.0"
L 04/12/2026 - 19:09:34: "r_AirboatViewDampenFreq" = "7.0"
L 04/12/2026 - 19:09:34: "r_AirboatViewDampenDamp" = "1.0"
L 04/12/2026 - 19:09:34: "r_AirboatViewZHeight" = "0.0"
L 04/12/2026 - 19:09:34: "mp_timelimit" = "0"
L 04/12/2026 - 19:09:34: "mp_fraglimit" = "0"
L 04/12/2026 - 19:09:34: "nextlevel" = ""
L 04/12/2026 - 19:09:34: "sv_maxusrcmdprocessticks" = "24"
L 04/12/2026 - 19:09:34: "mp_transition_percent" = "68"
L 04/12/2026 - 19:09:34: "mp_transition_time" = "40"
L 04/12/2026 - 19:09:34: "sv_alltalk" = "0"
L 04/12/2026 - 19:09:34: "sv_vote_quorum_ratio" = "0.6"
L 04/12/2026 - 19:09:34: "mp_respawnwavetime" = "10.0"
L 04/12/2026 - 19:09:34: "mp_tournament" = "0"
L 04/12/2026 - 19:09:34: "tf_arena_preround_time" = "10"
L 04/12/2026 - 19:09:34: "tf_arena_round_time" = "0"
L 04/12/2026 - 19:09:34: "tf_arena_max_streak" = "3"
L 04/12/2026 - 19:09:34: "tf_arena_use_queue" = "1"
L 04/12/2026 - 19:09:34: "mp_maxrounds" = "0"
L 04/12/2026 - 19:09:34: "mp_winlimit" = "0"
L 04/12/2026 - 19:09:34: "mp_disable_respawn_times" = "0"
L 04/12/2026 - 19:09:34: "mp_stalemate_meleeonly" = "0"
L 04/12/2026 - 19:09:34: "mp_forceautoteam" = "0"
L 04/12/2026 - 19:09:34: "mp_autoteambalance" = "1"
L 04/12/2026 - 19:09:34: "mp_stalemate_enable" = "0"
L 04/12/2026 - 19:09:34: "mp_match_end_at_timelimit" = "0"
L 04/12/2026 - 19:09:34: "mp_holiday_nogifts" = "0"
L 04/12/2026 - 19:09:34: "mp_scrambleteams_auto" = "1"
L 04/12/2026 - 19:09:34: "mp_scrambleteams_auto_windifference" = "2"
L 04/12/2026 - 19:09:34: "sv_item_retainment" = "1"
L 04/12/2026 - 19:09:34: "mp_respawndelay" = "12"
L 04/12/2026 - 19:09:34: "sv_propjump_enable" = "0"
L 04/12/2026 - 19:09:34: "mp_antirush_disable" = "0"
L 04/12/2026 - 19:09:34: "mp_antirush_percent" = "50"
L 04/12/2026 - 19:09:34: "mp_vintage_mode" = "0"
L 04/12/2026 - 19:09:34: "mp_teleport_disable" = "0"
L 04/12/2026 - 19:09:34: "mp_doors_openonly" = "1"
L 04/12/2026 - 19:09:34: "sv_item_respawn_force" = "0"
L 04/12/2026 - 19:09:34: "sv_hl2mp_weapon_respawn_time" = "20"
L 04/12/2026 - 19:09:34: "sv_hl2mp_item_respawn_time" = "30"
L 04/12/2026 - 19:09:34: "sv_report_client_settings" = "0"
L 04/12/2026 - 19:09:34: "mp_deathtime" = "3"
L 04/12/2026 - 19:09:34: "mp_allow_object_stealing" = "0"
L 04/12/2026 - 19:09:34: "sv_password" = ""
L 04/12/2026 - 19:09:34: "sv_tags" = "increased_maxplayers"
L 04/12/2026 - 19:09:34: "tv_relaypassword" = ""
L 04/12/2026 - 19:09:34: "tv_password" = ""
L 04/12/2026 - 19:09:34: "skill" = "2"
L 04/12/2026 - 19:09:34: "deathmatch" = "1"
L 04/12/2026 - 19:09:34: "coop" = "0"
L 04/12/2026 - 19:09:34: "sv_cheats" = "0"
L 04/12/2026 - 19:09:34: "sv_pausable" = "0"
L 04/12/2026 - 19:09:34: "sv_contact" = ""
L 04/12/2026 - 19:09:34: "sv_voiceenable" = "1"
L 04/12/2026 - 19:09:34: "tv_enable" = "0"
L 04/12/2026 - 19:09:34: "sv_steamgroup" = ""
L 04/12/2026 - 19:09:34: server cvars end
L 04/12/2026 - 19:09:42: Started map "sp_streetwar" (CRC "0cc1fb1fa02ba510480a16148b4947bb")
L 04/12/2026 - 19:09:42: Executing dedicated server config file server.cfg
L 04/12/2026 - 19:09:43: Log file closed.
